// Jest Snapshot v1, https://goo.gl/fbAQLP

exports[`Document Collection Component should match snapshot 1`] = `
<Styled(Styled(MuiBox))>
  <Document
    category="123"
    key="0"
    title="123"
  />
  <Document
    category="1234"
    key="1"
    title="123"
  />
  <Document
    category="5"
    key="2"
    title="123"
  />
</Styled(Styled(MuiBox))>
`;
